
100%[======================================>] 25,184,845   655KB/s   in 20s    

2019-11-13 12:17:40 (1.21 MB/s) - ‘rnaseq_data.tar.gz’ saved [25184845/25184845]

[cb2@localhost sf_D_DRIVE]$ mkdir ngs
[cb2@localhost sf_D_DRIVE]$ mc rnaseq_data.tar.gz /ngs
bash: mc: command not found...
[cb2@localhost sf_D_DRIVE]$ mv rnaseq_data.tar.gz /ngs
mv: cannot create regular file ‘/ngs’: Permission denied
[cb2@localhost sf_D_DRIVE]$ mv rnaseq_data.tar.gz ./ngs
[cb2@localhost sf_D_DRIVE]$ cd ngs/
[cb2@localhost ngs]$ ls
rnaseq_data.tar.gz
[cb2@localhost ngs]$ tar -xvzf rnaseq_data.tar.gz 
rnaseq_data/
rnaseq_data/adrenal_R1.fq
rnaseq_data/adrenal_R2.fq
rnaseq_data/brain_R1.fq
rnaseq_data/brain_R2.fq
rnaseq_data/chr19.fa
rnaseq_data/human_chr19.gtf
[cb2@localhost ngs]$ cd rnaseq_data/
[cb2@localhost rnaseq_data]$ ls
adrenal_R1.fq  brain_R1.fq  chr19.fa
adrenal_R2.fq  brain_R2.fq  human_chr19.gtf
[cb2@localhost rnaseq_data]$ wget http://www.bioinformatics.babraham.ac.uk/projects/fastqc/fastqc_v0.11.2.zip
--2019-11-13 12:22:49--  http://www.bioinformatics.babraham.ac.uk/projects/fastqc/fastqc_v0.11.2.zip
Resolving www.bioinformatics.babraham.ac.uk (www.bioinformatics.babraham.ac.uk)... 149.155.132.130
Connecting to www.bioinformatics.babraham.ac.uk (www.bioinformatics.babraham.ac.uk)|149.155.132.130|:80... connected.
HTTP request sent, awaiting response... 200 OK
Length: 952027 (930K) [application/zip]
Saving to: ‘fastqc_v0.11.2.zip’

100%[======================================>] 952,027      514KB/s   in 1.8s   

2019-11-13 12:22:51 (514 KB/s) - ‘fastqc_v0.11.2.zip’ saved [952027/952027]

[cb2@localhost rnaseq_data]$ unzip fastqc_v0.11.2.zip 
Archive:  fastqc_v0.11.2.zip
   creating: FastQC/Configuration/
  inflating: FastQC/Configuration/adapter_list.txt  
  inflating: FastQC/Configuration/contaminant_list.txt  
  inflating: FastQC/Configuration/limits.txt  
  inflating: FastQC/fastqc           
  inflating: FastQC/fastqc_icon.ico  
   creating: FastQC/Help/
   creating: FastQC/Help/1 Introduction/
  inflating: FastQC/Help/1 Introduction/1.1 What is FastQC.html  
   creating: FastQC/Help/2 Basic Operations/
  inflating: FastQC/Help/2 Basic Operations/2.1 Opening a sequence file.html  
  inflating: FastQC/Help/2 Basic Operations/2.2 Evaluating Results.html  
  inflating: FastQC/Help/2 Basic Operations/2.3 Saving a Report.html  
   creating: FastQC/Help/3 Analysis Modules/
  inflating: FastQC/Help/3 Analysis Modules/1 Basic Statistics.html  
  inflating: FastQC/Help/3 Analysis Modules/10 Adapter Content.html  
  inflating: FastQC/Help/3 Analysis Modules/11 Kmer Content.html  
  inflating: FastQC/Help/3 Analysis Modules/12 Per Tile Sequence Quality.html  
  inflating: FastQC/Help/3 Analysis Modules/2 Per Base Sequence Quality.html  
  inflating: FastQC/Help/3 Analysis Modules/3 Per Sequence Quality Scores.html  
  inflating: FastQC/Help/3 Analysis Modules/4 Per Base Sequence Content.html  
  inflating: FastQC/Help/3 Analysis Modules/5 Per Sequence GC Content.html  
  inflating: FastQC/Help/3 Analysis Modules/6 Per Base N Content.html  
  inflating: FastQC/Help/3 Analysis Modules/7 Sequence Length Distribution.html  
  inflating: FastQC/Help/3 Analysis Modules/8 Duplicate Sequences.html  
  inflating: FastQC/Help/3 Analysis Modules/9 Overrepresented Sequences.html  
  inflating: FastQC/Help/3 Analysis Modules/duplication_levels.png  
  inflating: FastQC/Help/3 Analysis Modules/kmer_profiles.png  
  inflating: FastQC/Help/3 Analysis Modules/per_base_gc_content.png  
  inflating: FastQC/Help/3 Analysis Modules/per_base_n_content.png  
  inflating: FastQC/Help/3 Analysis Modules/per_base_quality.png  
  inflating: FastQC/Help/3 Analysis Modules/per_base_sequence_content.png  
  inflating: FastQC/Help/3 Analysis Modules/per_sequence_gc_content.png  
  inflating: FastQC/Help/3 Analysis Modules/per_sequence_quality.png  
  inflating: FastQC/Help/3 Analysis Modules/per_tile_quality.png  
  inflating: FastQC/Help/3 Analysis Modules/sequence_length_distribution.png  
  inflating: FastQC/INSTALL.txt      
  inflating: FastQC/jbzip2-0.9.jar   
  inflating: FastQC/LICENSE.txt      
   creating: FastQC/net/
   creating: FastQC/net/sourceforge/
   creating: FastQC/net/sourceforge/iharder/
   creating: FastQC/net/sourceforge/iharder/base64/
  inflating: FastQC/net/sourceforge/iharder/base64/Base64$1.class  
  inflating: FastQC/net/sourceforge/iharder/base64/Base64$InputStream.class  
  inflating: FastQC/net/sourceforge/iharder/base64/Base64$OutputStream.class  
  inflating: FastQC/net/sourceforge/iharder/base64/Base64.class  
   creating: FastQC/org/
   creating: FastQC/org/apache/
   creating: FastQC/org/apache/commons/
   creating: FastQC/org/apache/commons/math3/
   creating: FastQC/org/apache/commons/math3/analysis/
   creating: FastQC/org/apache/commons/math3/analysis/solvers/
  inflating: FastQC/org/apache/commons/math3/analysis/solvers/AbstractUnivariateSolver.class  
  inflating: FastQC/org/apache/commons/math3/analysis/solvers/AllowedSolution.class  
  inflating: FastQC/org/apache/commons/math3/analysis/solvers/BaseAbstractUnivariateSolver.class  
  inflating: FastQC/org/apache/commons/math3/analysis/solvers/BaseUnivariateSolver.class  
  inflating: FastQC/org/apache/commons/math3/analysis/solvers/BracketedUnivariateSolver.class  
  inflating: FastQC/org/apache/commons/math3/analysis/solvers/BrentSolver.class  
  inflating: FastQC/org/apache/commons/math3/analysis/solvers/UnivariateSolver.class  
  inflating: FastQC/org/apache/commons/math3/analysis/solvers/UnivariateSolverUtils.class  
  inflating: FastQC/org/apache/commons/math3/analysis/UnivariateFunction.class  
   creating: FastQC/org/apache/commons/math3/distribution/
  inflating: FastQC/org/apache/commons/math3/distribution/AbstractIntegerDistribution.class  
  inflating: FastQC/org/apache/commons/math3/distribution/AbstractRealDistribution$1.class  
  inflating: FastQC/org/apache/commons/math3/distribution/AbstractRealDistribution.class  
  inflating: FastQC/org/apache/commons/math3/distribution/BetaDistribution.class  
  inflating: FastQC/org/apache/commons/math3/distribution/BinomialDistribution.class  
  inflating: FastQC/org/apache/commons/math3/distribution/CauchyDistribution.class  
  inflating: FastQC/org/apache/commons/math3/distribution/ChiSquaredDistribution.class  
  inflating: FastQC/org/apache/commons/math3/distribution/FDistribution.class  
  inflating: FastQC/org/apache/commons/math3/distribution/GammaDistribution.class  
  inflating: FastQC/org/apache/commons/math3/distribution/HypergeometricDistribution.class  
  inflating: FastQC/org/apache/commons/math3/distribution/IntegerDistribution.class  
  inflating: FastQC/org/apache/commons/math3/distribution/NormalDistribution.class  
  inflating: FastQC/org/apache/commons/math3/distribution/PascalDistribution.class  
  inflating: FastQC/org/apache/commons/math3/distribution/PoissonDistribution.class  
  inflating: FastQC/org/apache/commons/math3/distribution/RealDistribution.class  
  inflating: FastQC/org/apache/commons/math3/distribution/SaddlePointExpansion.class  
  inflating: FastQC/org/apache/commons/math3/distribution/TDistribution.class  
  inflating: FastQC/org/apache/commons/math3/distribution/WeibullDistribution.class  
  inflating: FastQC/org/apache/commons/math3/distribution/ZipfDistribution.class  
   creating: FastQC/org/apache/commons/math3/exception/
  inflating: FastQC/org/apache/commons/math3/exception/ConvergenceException.class  
  inflating: FastQC/org/apache/commons/math3/exception/DimensionMismatchException.class  
  inflating: FastQC/org/apache/commons/math3/exception/MathArithmeticException.class  
  inflating: FastQC/org/apache/commons/math3/exception/MathIllegalArgumentException.class  
  inflating: FastQC/org/apache/commons/math3/exception/MathIllegalNumberException.class  
  inflating: FastQC/org/apache/commons/math3/exception/MathIllegalStateException.class  
  inflating: FastQC/org/apache/commons/math3/exception/MathInternalError.class  
  inflating: FastQC/org/apache/commons/math3/exception/MaxCountExceededException.class  
  inflating: FastQC/org/apache/commons/math3/exception/NoBracketingException.class  
  inflating: FastQC/org/apache/commons/math3/exception/NotFiniteNumberException.class  
  inflating: FastQC/org/apache/commons/math3/exception/NotPositiveException.class  
  inflating: FastQC/org/apache/commons/math3/exception/NotStrictlyPositiveException.class  
  inflating: FastQC/org/apache/commons/math3/exception/NullArgumentException.class  
  inflating: FastQC/org/apache/commons/math3/exception/NumberIsTooLargeException.class  
  inflating: FastQC/org/apache/commons/math3/exception/NumberIsTooSmallException.class  
  inflating: FastQC/org/apache/commons/math3/exception/OutOfRangeException.class  
  inflating: FastQC/org/apache/commons/math3/exception/TooManyEvaluationsException.class  
   creating: FastQC/org/apache/commons/math3/exception/util/
  inflating: FastQC/org/apache/commons/math3/exception/util/ArgUtils.class  
  inflating: FastQC/org/apache/commons/math3/exception/util/ExceptionContext.class  
  inflating: FastQC/org/apache/commons/math3/exception/util/ExceptionContextProvider.class  
  inflating: FastQC/org/apache/commons/math3/exception/util/Localizable.class  
  inflating: FastQC/org/apache/commons/math3/exception/util/LocalizedFormats.class  
   creating: FastQC/org/apache/commons/math3/random/
  inflating: FastQC/org/apache/commons/math3/random/AbstractWell.class  
  inflating: FastQC/org/apache/commons/math3/random/BitsStreamGenerator.class  
  inflating: FastQC/org/apache/commons/math3/random/RandomData.class  
  inflating: FastQC/org/apache/commons/math3/random/RandomDataImpl.class  
  inflating: FastQC/org/apache/commons/math3/random/RandomGenerator.class  
  inflating: FastQC/org/apache/commons/math3/random/Well19937c.class  
   creating: FastQC/org/apache/commons/math3/special/
  inflating: FastQC/org/apache/commons/math3/special/Beta$1.class  
  inflating: FastQC/org/apache/commons/math3/special/Beta.class  
  inflating: FastQC/org/apache/commons/math3/special/Erf.class  
  inflating: FastQC/org/apache/commons/math3/special/Gamma$1.class  
  inflating: FastQC/org/apache/commons/math3/special/Gamma.class  
   creating: FastQC/org/apache/commons/math3/util/
  inflating: FastQC/org/apache/commons/math3/util/ArithmeticUtils.class  
  inflating: FastQC/org/apache/commons/math3/util/ContinuedFraction.class  
  inflating: FastQC/org/apache/commons/math3/util/DoubleArray.class  
  inflating: FastQC/org/apache/commons/math3/util/FastMath$ExpFracTable.class  
  inflating: FastQC/org/apache/commons/math3/util/FastMath$ExpIntTable.class  
  inflating: FastQC/org/apache/commons/math3/util/FastMath$lnMant.class  
  inflating: FastQC/org/apache/commons/math3/util/FastMath.class  
  inflating: FastQC/org/apache/commons/math3/util/FastMathCalc.class  
  inflating: FastQC/org/apache/commons/math3/util/FastMathLiteralArrays.class  
  inflating: FastQC/org/apache/commons/math3/util/Incrementor$1.class  
  inflating: FastQC/org/apache/commons/math3/util/Incrementor$MaxCountExceededCallback.class  
  inflating: FastQC/org/apache/commons/math3/util/Incrementor.class  
  inflating: FastQC/org/apache/commons/math3/util/MathUtils.class  
  inflating: FastQC/org/apache/commons/math3/util/Precision.class  
  inflating: FastQC/org/apache/commons/math3/util/ResizableDoubleArray.class  
  inflating: FastQC/README.txt       
  inflating: FastQC/RELEASE_NOTES.txt  
  inflating: FastQC/run_fastqc.bat   
  inflating: FastQC/sam-1.103.jar    
   creating: FastQC/Templates/
  inflating: FastQC/Templates/fastqc2fo.xsl  
  inflating: FastQC/Templates/header_template.html  
   creating: FastQC/Templates/Icons/
 extracting: FastQC/Templates/Icons/error.png  
 extracting: FastQC/Templates/Icons/fastqc_icon.png  
 extracting: FastQC/Templates/Icons/tick.png  
 extracting: FastQC/Templates/Icons/warning.png  
   creating: FastQC/uk/
   creating: FastQC/uk/ac/
   creating: FastQC/uk/ac/babraham/
   creating: FastQC/uk/ac/babraham/FastQC/
   creating: FastQC/uk/ac/babraham/FastQC/Analysis/
  inflating: FastQC/uk/ac/babraham/FastQC/Analysis/AnalysisListener.class  
  inflating: FastQC/uk/ac/babraham/FastQC/Analysis/AnalysisQueue.class  
  inflating: FastQC/uk/ac/babraham/FastQC/Analysis/AnalysisRunner.class  
  inflating: FastQC/uk/ac/babraham/FastQC/Analysis/OfflineRunner.class  
   creating: FastQC/uk/ac/babraham/FastQC/Dialogs/
  inflating: FastQC/uk/ac/babraham/FastQC/Dialogs/AboutDialog$1.class  
  inflating: FastQC/uk/ac/babraham/FastQC/Dialogs/AboutDialog.class  
  inflating: FastQC/uk/ac/babraham/FastQC/Dialogs/FastQCTitlePanel$SmoothJLabel.class  
  inflating: FastQC/uk/ac/babraham/FastQC/Dialogs/FastQCTitlePanel.class  
  inflating: FastQC/uk/ac/babraham/FastQC/Dialogs/WelcomePanel.class  
  inflating: FastQC/uk/ac/babraham/FastQC/FastQCApplication$1.class  
  inflating: FastQC/uk/ac/babraham/FastQC/FastQCApplication.class  
  inflating: FastQC/uk/ac/babraham/FastQC/FastQCConfig.class  
  inflating: FastQC/uk/ac/babraham/FastQC/FastQCMenuBar.class  
   creating: FastQC/uk/ac/babraham/FastQC/FileFilters/
  inflating: FastQC/uk/ac/babraham/FastQC/FileFilters/BAMFileFilter.class  
  inflating: FastQC/uk/ac/babraham/FastQC/FileFilters/CasavaFastQFileFilter.class  
  inflating: FastQC/uk/ac/babraham/FastQC/FileFilters/FastQFileFilter.class  
  inflating: FastQC/uk/ac/babraham/FastQC/FileFilters/GobyFileFilter.class  
  inflating: FastQC/uk/ac/babraham/FastQC/FileFilters/MappedBAMFileFilter.class  
  inflating: FastQC/uk/ac/babraham/FastQC/FileFilters/SequenceFileFilter.class  
   creating: FastQC/uk/ac/babraham/FastQC/Graphs/
  inflating: FastQC/uk/ac/babraham/FastQC/Graphs/BaseGroup.class  
  inflating: FastQC/uk/ac/babraham/FastQC/Graphs/LineGraph.class  
  inflating: FastQC/uk/ac/babraham/FastQC/Graphs/QualityBoxPlot.class  
  inflating: FastQC/uk/ac/babraham/FastQC/Graphs/TileGraph.class  
   creating: FastQC/uk/ac/babraham/FastQC/Help/
  inflating: FastQC/uk/ac/babraham/FastQC/Help/HelpDialog.class  
  inflating: FastQC/uk/ac/babraham/FastQC/Help/HelpIndexRoot$FileSorter.class  
  inflating: FastQC/uk/ac/babraham/FastQC/Help/HelpIndexRoot.class  
  inflating: FastQC/uk/ac/babraham/FastQC/Help/HelpPage.class  
  inflating: FastQC/uk/ac/babraham/FastQC/Help/HelpPageDisplay$HelpEditor.class  
  inflating: FastQC/uk/ac/babraham/FastQC/Help/HelpPageDisplay.class  
  inflating: FastQC/uk/ac/babraham/FastQC/Help/HelpSearchPanel.class  
   creating: FastQC/uk/ac/babraham/FastQC/Modules/
  inflating: FastQC/uk/ac/babraham/FastQC/Modules/AbstractQCModule.class  
  inflating: FastQC/uk/ac/babraham/FastQC/Modules/AdapterContent$Adapter.class  
  inflating: FastQC/uk/ac/babraham/FastQC/Modules/AdapterContent$ResultsTable.class  
  inflating: FastQC/uk/ac/babraham/FastQC/Modules/AdapterContent.class  
  inflating: FastQC/uk/ac/babraham/FastQC/Modules/BasicStats$ResultsTable.class  
  inflating: FastQC/uk/ac/babraham/FastQC/Modules/BasicStats.class  
  inflating: FastQC/uk/ac/babraham/FastQC/Modules/DuplicationLevel.class  
   creating: FastQC/uk/ac/babraham/FastQC/Modules/GCModel/
  inflating: FastQC/uk/ac/babraham/FastQC/Modules/GCModel/GCModel.class  
  inflating: FastQC/uk/ac/babraham/FastQC/Modules/GCModel/GCModelValue.class  
  inflating: FastQC/uk/ac/babraham/FastQC/Modules/KmerContent$Kmer.class  
  inflating: FastQC/uk/ac/babraham/FastQC/Modules/KmerContent$ResultsTable.class  
  inflating: FastQC/uk/ac/babraham/FastQC/Modules/KmerContent.class  
  inflating: FastQC/uk/ac/babraham/FastQC/Modules/ModuleConfig.class  
  inflating: FastQC/uk/ac/babraham/FastQC/Modules/NContent.class  
  inflating: FastQC/uk/ac/babraham/FastQC/Modules/OverRepresentedSeqs$OverrepresentedSeq.class  
  inflating: FastQC/uk/ac/babraham/FastQC/Modules/OverRepresentedSeqs$ResultsTable.class  
  inflating: FastQC/uk/ac/babraham/FastQC/Modules/OverRepresentedSeqs.class  
  inflating: FastQC/uk/ac/babraham/FastQC/Modules/PerBaseQualityScores.class  
  inflating: FastQC/uk/ac/babraham/FastQC/Modules/PerBaseSequenceContent.class  
  inflating: FastQC/uk/ac/babraham/FastQC/Modules/PerSequenceGCContent.class  
  inflating: FastQC/uk/ac/babraham/FastQC/Modules/PerSequenceQualityScores.class  
  inflating: FastQC/uk/ac/babraham/FastQC/Modules/PerTileQualityScores.class  
  inflating: FastQC/uk/ac/babraham/FastQC/Modules/QCModule.class  
  inflating: FastQC/uk/ac/babraham/FastQC/Modules/SequenceLengthDistribution.class  
   creating: FastQC/uk/ac/babraham/FastQC/Report/
  inflating: FastQC/uk/ac/babraham/FastQC/Report/HTMLReportArchive.class  
  inflating: FastQC/uk/ac/babraham/FastQC/Report/stylesheet.txt  
   creating: FastQC/uk/ac/babraham/FastQC/Resources/
 extracting: FastQC/uk/ac/babraham/FastQC/Resources/error.png  
 extracting: FastQC/uk/ac/babraham/FastQC/Resources/fastqc_icon.png  
  inflating: FastQC/uk/ac/babraham/FastQC/Resources/fastqc_icon.svg  
 extracting: FastQC/uk/ac/babraham/FastQC/Resources/fastqc_icon_100.png  
 extracting: FastQC/uk/ac/babraham/FastQC/Resources/tick.png  
 extracting: FastQC/uk/ac/babraham/FastQC/Resources/warning.png  
   creating: FastQC/uk/ac/babraham/FastQC/Results/
  inflating: FastQC/uk/ac/babraham/FastQC/Results/ResultsPanel$ModuleRenderer.class  
  inflating: FastQC/uk/ac/babraham/FastQC/Results/ResultsPanel.class  
   creating: FastQC/uk/ac/babraham/FastQC/Sequence/
  inflating: FastQC/uk/ac/babraham/FastQC/Sequence/BAMFile.class  
   creating: FastQC/uk/ac/babraham/FastQC/Sequence/Contaminant/
  inflating: FastQC/uk/ac/babraham/FastQC/Sequence/Contaminant/Contaminant.class  
  inflating: FastQC/uk/ac/babraham/FastQC/Sequence/Contaminant/ContaminantHit.class  
  inflating: FastQC/uk/ac/babraham/FastQC/Sequence/Contaminant/ContaminentFinder.class  
  inflating: FastQC/uk/ac/babraham/FastQC/Sequence/FastQFile.class  
   creating: FastQC/uk/ac/babraham/FastQC/Sequence/QualityEncoding/
  inflating: FastQC/uk/ac/babraham/FastQC/Sequence/QualityEncoding/PhredEncoding.class  
  inflating: FastQC/uk/ac/babraham/FastQC/Sequence/Sequence.class  
  inflating: FastQC/uk/ac/babraham/FastQC/Sequence/SequenceFactory.class  
  inflating: FastQC/uk/ac/babraham/FastQC/Sequence/SequenceFile.class  
  inflating: FastQC/uk/ac/babraham/FastQC/Sequence/SequenceFileGroup.class  
  inflating: FastQC/uk/ac/babraham/FastQC/Sequence/SequenceFormatException.class  
   creating: FastQC/uk/ac/babraham/FastQC/Statistics/
  inflating: FastQC/uk/ac/babraham/FastQC/Statistics/NormalDistribution.class  
  inflating: FastQC/uk/ac/babraham/FastQC/Statistics/PearsonCorrelation.class  
   creating: FastQC/uk/ac/babraham/FastQC/Utilities/
  inflating: FastQC/uk/ac/babraham/FastQC/Utilities/CasavaBasename.class  
  inflating: FastQC/uk/ac/babraham/FastQC/Utilities/HotColdColourGradient.class  
  inflating: FastQC/uk/ac/babraham/FastQC/Utilities/ImageToBase64.class  
  inflating: FastQC/uk/ac/babraham/FastQC/Utilities/MultiMemberGZIPInputStream.class  
  inflating: FastQC/uk/ac/babraham/FastQC/Utilities/NameFormatException.class  
  inflating: FastQC/uk/ac/babraham/FastQC/Utilities/QualityCount.class  
  inflating: FastQC/uk/ac/babraham/FastQC/Utilities/RGB.class  
[cb2@localhost rnaseq_data]$ cd FastQC/
[cb2@localhost FastQC]$ ls
Configuration    Help            LICENSE.txt  README.txt         sam-1.103.jar
fastqc           INSTALL.txt     net          RELEASE_NOTES.txt  Templates
fastqc_icon.ico  jbzip2-0.9.jar  org          run_fastqc.bat     uk
[cb2@localhost FastQC]$ cd ..
[cb2@localhost rnaseq_data]$ FastQC/fastqc help
Skipping 'help' which didn't exist, or couldn't be read
[cb2@localhost rnaseq_data]$ FastQC/fastqc adrenal_R1.fq 
Started analysis of adrenal_R1.fq
Approx 5% complete for adrenal_R1.fq
Approx 10% complete for adrenal_R1.fq
Approx 15% complete for adrenal_R1.fq
Approx 20% complete for adrenal_R1.fq
Approx 25% complete for adrenal_R1.fq
Approx 30% complete for adrenal_R1.fq
Approx 35% complete for adrenal_R1.fq
Approx 40% complete for adrenal_R1.fq
Approx 45% complete for adrenal_R1.fq
Approx 50% complete for adrenal_R1.fq
Approx 55% complete for adrenal_R1.fq
Approx 60% complete for adrenal_R1.fq
Approx 65% complete for adrenal_R1.fq
Approx 70% complete for adrenal_R1.fq
Approx 75% complete for adrenal_R1.fq
Approx 80% complete for adrenal_R1.fq
Approx 85% complete for adrenal_R1.fq
Approx 90% complete for adrenal_R1.fq
Approx 95% complete for adrenal_R1.fq
Analysis complete for adrenal_R1.fq
[cb2@localhost rnaseq_data]$ ls
adrenal_R1_fastqc.html  adrenal_R2.fq  chr19.fa            human_chr19.gtf
adrenal_R1_fastqc.zip   brain_R1.fq    FastQC
adrenal_R1.fq           brain_R2.fq    fastqc_v0.11.2.zip
[cb2@localhost rnaseq_data]$ firefox adrenal_R1_fastqc.html 
[cb2@localhost rnaseq_data]$ cd fastqc
[cb2@localhost fastqc]$ cd FastQC
bash: cd: FastQC: Not a directory
[cb2@localhost fastqc]$ cd..
bash: cd..: command not found...
[cb2@localhost fastqc]$ cd ..
[cb2@localhost rnaseq_data]$ cd ..
[cb2@localhost ngs]$ ls
rnaseq_data  rnaseq_data.tar.gz
[cb2@localhost ngs]$ cd rnaseq_data/
[cb2@localhost rnaseq_data]$ ls
adrenal_R1_fastqc.html  adrenal_R2.fq  chr19.fa            human_chr19.gtf
adrenal_R1_fastqc.zip   brain_R1.fq    FastQC
adrenal_R1.fq           brain_R2.fq    fastqc_v0.11.2.zip
[cb2@localhost rnaseq_data]$ cd FastQC/
[cb2@localhost FastQC]$ pwd
/media/sf_D_DRIVE/ngs/rnaseq_data/FastQC
[cb2@localhost FastQC]$ nano ~/.bash profile
[cb2@localhost FastQC]$ nano ~/.bash profile
[cb2@localhost FastQC]$ 
